<!doctype html public "-//w3c//dtd html 4.0 transitional//en">
<html><head>
<title>Static Call Graph - [.\Objects\test.axf]</title></head>
<body><HR>
<H1>Static Call Graph for image .\Objects\test.axf</H1><HR>
<BR><P>#&#060CALLGRAPH&#062# ARM Linker, 6240002: Last Updated: Tue Jul  7 15:26:41 2026
<BR><P>
<H3>Maximum Stack Usage =         48 bytes + Unknown(Untraceable Function Pointers)</H3><H3>
Call chain for Maximum Stack Depth:</H3>
main &rArr; SysTick_Config &rArr; __NVIC_SetPriority
<P>
<H3>
Function Pointers
</H3><UL>
 <LI><a href="#[4]">BusFault_Handler</a> from startup_armcm4.o(.text.Default_Handler) referenced from startup_armcm4.o(RESET)
 <LI><a href="#[7]">DebugMon_Handler</a> from startup_armcm4.o(.text.Default_Handler) referenced from startup_armcm4.o(RESET)
 <LI><a href="#[2]">HardFault_Handler</a> from startup_armcm4.o(.text.HardFault_Handler) referenced from startup_armcm4.o(RESET)
 <LI><a href="#[a]">Interrupt0_Handler</a> from startup_armcm4.o(.text.Default_Handler) referenced from startup_armcm4.o(RESET)
 <LI><a href="#[b]">Interrupt1_Handler</a> from startup_armcm4.o(.text.Default_Handler) referenced from startup_armcm4.o(RESET)
 <LI><a href="#[c]">Interrupt2_Handler</a> from startup_armcm4.o(.text.Default_Handler) referenced from startup_armcm4.o(RESET)
 <LI><a href="#[d]">Interrupt3_Handler</a> from startup_armcm4.o(.text.Default_Handler) referenced from startup_armcm4.o(RESET)
 <LI><a href="#[e]">Interrupt4_Handler</a> from startup_armcm4.o(.text.Default_Handler) referenced from startup_armcm4.o(RESET)
 <LI><a href="#[f]">Interrupt5_Handler</a> from startup_armcm4.o(.text.Default_Handler) referenced from startup_armcm4.o(RESET)
 <LI><a href="#[10]">Interrupt6_Handler</a> from startup_armcm4.o(.text.Default_Handler) referenced from startup_armcm4.o(RESET)
 <LI><a href="#[11]">Interrupt7_Handler</a> from startup_armcm4.o(.text.Default_Handler) referenced from startup_armcm4.o(RESET)
 <LI><a href="#[12]">Interrupt8_Handler</a> from startup_armcm4.o(.text.Default_Handler) referenced from startup_armcm4.o(RESET)
 <LI><a href="#[13]">Interrupt9_Handler</a> from startup_armcm4.o(.text.Default_Handler) referenced from startup_armcm4.o(RESET)
 <LI><a href="#[3]">MemManage_Handler</a> from startup_armcm4.o(.text.Default_Handler) referenced from startup_armcm4.o(RESET)
 <LI><a href="#[1]">NMI_Handler</a> from startup_armcm4.o(.text.Default_Handler) referenced from startup_armcm4.o(RESET)
 <LI><a href="#[8]">PendSV_Handler</a> from test.o(.text.PendSV_Handler) referenced from startup_armcm4.o(RESET)
 <LI><a href="#[0]">Reset_Handler</a> from startup_armcm4.o(.text.Reset_Handler) referenced from startup_armcm4.o(RESET)
 <LI><a href="#[6]">SVC_Handler</a> from startup_armcm4.o(.text.Default_Handler) referenced from startup_armcm4.o(RESET)
 <LI><a href="#[9]">SysTick_Handler</a> from test.o(.text.SysTick_Handler) referenced from startup_armcm4.o(RESET)
 <LI><a href="#[5]">UsageFault_Handler</a> from startup_armcm4.o(.text.Default_Handler) referenced from startup_armcm4.o(RESET)
 <LI><a href="#[15]">counter1</a> from test.o(.text.counter1) referenced 2 times from test.o(.text.os_init)
 <LI><a href="#[16]">counter2</a> from test.o(.text.counter2) referenced 2 times from test.o(.text.os_init)
 <LI><a href="#[14]">main</a> from test.o(.text.main) referenced from entry9a.o(.ARM.Collect$$$$0000000B)
</UL>
<P>
<H3>
Global Symbols
</H3>
<P><STRONG><a name="[17]"></a>__main</STRONG> (Thumb, 0 bytes, Stack size unknown bytes, entry.o(.ARM.Collect$$$$00000000))
<BR><BR>[Called By]<UL><LI><a href="#[0]">&gt;&gt;</a>&nbsp;&nbsp;&nbsp;Reset_Handler
</UL>

<P><STRONG><a name="[22]"></a>_main_stk</STRONG> (Thumb, 0 bytes, Stack size unknown bytes, entry4.o(.ARM.Collect$$$$00000003))

<P><STRONG><a name="[18]"></a>_main_scatterload</STRONG> (Thumb, 0 bytes, Stack size unknown bytes, entry5.o(.ARM.Collect$$$$00000004))
<BR><BR>[Calls]<UL><LI><a href="#[19]">&gt;&gt;</a>&nbsp;&nbsp;&nbsp;__scatterload
</UL>

<P><STRONG><a name="[1a]"></a>__main_after_scatterload</STRONG> (Thumb, 0 bytes, Stack size unknown bytes, entry5.o(.ARM.Collect$$$$00000004))
<BR><BR>[Called By]<UL><LI><a href="#[19]">&gt;&gt;</a>&nbsp;&nbsp;&nbsp;__scatterload
</UL>

<P><STRONG><a name="[23]"></a>_main_clock</STRONG> (Thumb, 0 bytes, Stack size unknown bytes, entry7b.o(.ARM.Collect$$$$00000008))

<P><STRONG><a name="[24]"></a>_main_cpp_init</STRONG> (Thumb, 0 bytes, Stack size unknown bytes, entry8b.o(.ARM.Collect$$$$0000000A))

<P><STRONG><a name="[25]"></a>_main_init</STRONG> (Thumb, 0 bytes, Stack size unknown bytes, entry9a.o(.ARM.Collect$$$$0000000B))

<P><STRONG><a name="[26]"></a>__rt_final_cpp</STRONG> (Thumb, 0 bytes, Stack size unknown bytes, entry10a.o(.ARM.Collect$$$$0000000D))

<P><STRONG><a name="[27]"></a>__rt_final_exit</STRONG> (Thumb, 0 bytes, Stack size unknown bytes, entry11a.o(.ARM.Collect$$$$0000000F))

<P><STRONG><a name="[19]"></a>__scatterload</STRONG> (Thumb, 38 bytes, Stack size 0 bytes, init.o(.text))
<BR><BR>[Calls]<UL><LI><a href="#[1a]">&gt;&gt;</a>&nbsp;&nbsp;&nbsp;__main_after_scatterload
</UL>
<BR>[Called By]<UL><LI><a href="#[18]">&gt;&gt;</a>&nbsp;&nbsp;&nbsp;_main_scatterload
</UL>

<P><STRONG><a name="[28]"></a>__scatterload_rt2</STRONG> (Thumb, 0 bytes, Stack size 0 bytes, init.o(.text), UNUSED)

<P><STRONG><a name="[4]"></a>BusFault_Handler</STRONG> (Thumb, 4 bytes, Stack size 0 bytes, startup_armcm4.o(.text.Default_Handler))
<BR>[Address Reference Count : 1]<UL><LI> startup_armcm4.o(RESET)
</UL>
<P><STRONG><a name="[7]"></a>DebugMon_Handler</STRONG> (Thumb, 4 bytes, Stack size 0 bytes, startup_armcm4.o(.text.Default_Handler))
<BR>[Address Reference Count : 1]<UL><LI> startup_armcm4.o(RESET)
</UL>
<P><STRONG><a name="[29]"></a>Default_Handler</STRONG> (Thumb, 4 bytes, Stack size 0 bytes, startup_armcm4.o(.text.Default_Handler), UNUSED)

<P><STRONG><a name="[a]"></a>Interrupt0_Handler</STRONG> (Thumb, 4 bytes, Stack size 0 bytes, startup_armcm4.o(.text.Default_Handler))
<BR>[Address Reference Count : 1]<UL><LI> startup_armcm4.o(RESET)
</UL>
<P><STRONG><a name="[b]"></a>Interrupt1_Handler</STRONG> (Thumb, 4 bytes, Stack size 0 bytes, startup_armcm4.o(.text.Default_Handler))
<BR>[Address Reference Count : 1]<UL><LI> startup_armcm4.o(RESET)
</UL>
<P><STRONG><a name="[c]"></a>Interrupt2_Handler</STRONG> (Thumb, 4 bytes, Stack size 0 bytes, startup_armcm4.o(.text.Default_Handler))
<BR>[Address Reference Count : 1]<UL><LI> startup_armcm4.o(RESET)
</UL>
<P><STRONG><a name="[d]"></a>Interrupt3_Handler</STRONG> (Thumb, 4 bytes, Stack size 0 bytes, startup_armcm4.o(.text.Default_Handler))
<BR>[Address Reference Count : 1]<UL><LI> startup_armcm4.o(RESET)
</UL>
<P><STRONG><a name="[e]"></a>Interrupt4_Handler</STRONG> (Thumb, 4 bytes, Stack size 0 bytes, startup_armcm4.o(.text.Default_Handler))
<BR>[Address Reference Count : 1]<UL><LI> startup_armcm4.o(RESET)
</UL>
<P><STRONG><a name="[f]"></a>Interrupt5_Handler</STRONG> (Thumb, 4 bytes, Stack size 0 bytes, startup_armcm4.o(.text.Default_Handler))
<BR>[Address Reference Count : 1]<UL><LI> startup_armcm4.o(RESET)
</UL>
<P><STRONG><a name="[10]"></a>Interrupt6_Handler</STRONG> (Thumb, 4 bytes, Stack size 0 bytes, startup_armcm4.o(.text.Default_Handler))
<BR>[Address Reference Count : 1]<UL><LI> startup_armcm4.o(RESET)
</UL>
<P><STRONG><a name="[11]"></a>Interrupt7_Handler</STRONG> (Thumb, 4 bytes, Stack size 0 bytes, startup_armcm4.o(.text.Default_Handler))
<BR>[Address Reference Count : 1]<UL><LI> startup_armcm4.o(RESET)
</UL>
<P><STRONG><a name="[12]"></a>Interrupt8_Handler</STRONG> (Thumb, 4 bytes, Stack size 0 bytes, startup_armcm4.o(.text.Default_Handler))
<BR>[Address Reference Count : 1]<UL><LI> startup_armcm4.o(RESET)
</UL>
<P><STRONG><a name="[13]"></a>Interrupt9_Handler</STRONG> (Thumb, 4 bytes, Stack size 0 bytes, startup_armcm4.o(.text.Default_Handler))
<BR>[Address Reference Count : 1]<UL><LI> startup_armcm4.o(RESET)
</UL>
<P><STRONG><a name="[3]"></a>MemManage_Handler</STRONG> (Thumb, 4 bytes, Stack size 0 bytes, startup_armcm4.o(.text.Default_Handler))
<BR>[Address Reference Count : 1]<UL><LI> startup_armcm4.o(RESET)
</UL>
<P><STRONG><a name="[1]"></a>NMI_Handler</STRONG> (Thumb, 4 bytes, Stack size 0 bytes, startup_armcm4.o(.text.Default_Handler))
<BR>[Address Reference Count : 1]<UL><LI> startup_armcm4.o(RESET)
</UL>
<P><STRONG><a name="[6]"></a>SVC_Handler</STRONG> (Thumb, 4 bytes, Stack size 0 bytes, startup_armcm4.o(.text.Default_Handler))
<BR>[Address Reference Count : 1]<UL><LI> startup_armcm4.o(RESET)
</UL>
<P><STRONG><a name="[5]"></a>UsageFault_Handler</STRONG> (Thumb, 4 bytes, Stack size 0 bytes, startup_armcm4.o(.text.Default_Handler))
<BR>[Address Reference Count : 1]<UL><LI> startup_armcm4.o(RESET)
</UL>
<P><STRONG><a name="[2]"></a>HardFault_Handler</STRONG> (Thumb, 4 bytes, Stack size 0 bytes, startup_armcm4.o(.text.HardFault_Handler))
<BR>[Address Reference Count : 1]<UL><LI> startup_armcm4.o(RESET)
</UL>
<P><STRONG><a name="[8]"></a>PendSV_Handler</STRONG> (Thumb, 64 bytes, Stack size 0 bytes, test.o(.text.PendSV_Handler))
<BR><BR>[Calls]<UL><LI><a href="#[1b]">&gt;&gt;</a>&nbsp;&nbsp;&nbsp;scheduler
</UL>
<BR>[Address Reference Count : 1]<UL><LI> startup_armcm4.o(RESET)
</UL>
<P><STRONG><a name="[0]"></a>Reset_Handler</STRONG> (Thumb, 8 bytes, Stack size 0 bytes, startup_armcm4.o(.text.Reset_Handler))
<BR><BR>[Calls]<UL><LI><a href="#[17]">&gt;&gt;</a>&nbsp;&nbsp;&nbsp;__main
<LI><a href="#[1c]">&gt;&gt;</a>&nbsp;&nbsp;&nbsp;SystemInit
</UL>
<BR>[Address Reference Count : 1]<UL><LI> startup_armcm4.o(RESET)
</UL>
<P><STRONG><a name="[9]"></a>SysTick_Handler</STRONG> (Thumb, 32 bytes, Stack size 0 bytes, test.o(.text.SysTick_Handler))
<BR>[Address Reference Count : 1]<UL><LI> startup_armcm4.o(RESET)
</UL>
<P><STRONG><a name="[1c]"></a>SystemInit</STRONG> (Thumb, 54 bytes, Stack size 0 bytes, system_armcm4.o(.text.SystemInit))
<BR><BR>[Called By]<UL><LI><a href="#[0]">&gt;&gt;</a>&nbsp;&nbsp;&nbsp;Reset_Handler
</UL>

<P><STRONG><a name="[15]"></a>counter1</STRONG> (Thumb, 22 bytes, Stack size 16 bytes, test.o(.text.counter1))
<BR><BR>[Stack]<UL><LI>Max Depth = 20<LI>Call Chain = counter1 &rArr; delay
</UL>
<BR>[Calls]<UL><LI><a href="#[1f]">&gt;&gt;</a>&nbsp;&nbsp;&nbsp;delay
</UL>
<BR>[Address Reference Count : 1]<UL><LI> test.o(.text.os_init)
</UL>
<P><STRONG><a name="[16]"></a>counter2</STRONG> (Thumb, 22 bytes, Stack size 16 bytes, test.o(.text.counter2))
<BR><BR>[Stack]<UL><LI>Max Depth = 20<LI>Call Chain = counter2 &rArr; delay
</UL>
<BR>[Calls]<UL><LI><a href="#[1f]">&gt;&gt;</a>&nbsp;&nbsp;&nbsp;delay
</UL>
<BR>[Address Reference Count : 1]<UL><LI> test.o(.text.os_init)
</UL>
<P><STRONG><a name="[1f]"></a>delay</STRONG> (Thumb, 38 bytes, Stack size 4 bytes, test.o(.text.delay))
<BR><BR>[Stack]<UL><LI>Max Depth = 4<LI>Call Chain = delay
</UL>
<BR>[Called By]<UL><LI><a href="#[16]">&gt;&gt;</a>&nbsp;&nbsp;&nbsp;counter2
<LI><a href="#[15]">&gt;&gt;</a>&nbsp;&nbsp;&nbsp;counter1
</UL>

<P><STRONG><a name="[14]"></a>main</STRONG> (Thumb, 62 bytes, Stack size 16 bytes, test.o(.text.main))
<BR><BR>[Stack]<UL><LI>Max Depth = 48<LI>Call Chain = main &rArr; SysTick_Config &rArr; __NVIC_SetPriority
</UL>
<BR>[Calls]<UL><LI><a href="#[21]">&gt;&gt;</a>&nbsp;&nbsp;&nbsp;os_start
<LI><a href="#[20]">&gt;&gt;</a>&nbsp;&nbsp;&nbsp;os_init
<LI><a href="#[1e]">&gt;&gt;</a>&nbsp;&nbsp;&nbsp;__NVIC_SetPriority
<LI><a href="#[1d]">&gt;&gt;</a>&nbsp;&nbsp;&nbsp;SysTick_Config
</UL>
<BR>[Address Reference Count : 1]<UL><LI> entry9a.o(.ARM.Collect$$$$0000000B)
</UL>
<P><STRONG><a name="[20]"></a>os_init</STRONG> (Thumb, 98 bytes, Stack size 0 bytes, test.o(.text.os_init))
<BR><BR>[Called By]<UL><LI><a href="#[14]">&gt;&gt;</a>&nbsp;&nbsp;&nbsp;main
</UL>

<P><STRONG><a name="[21]"></a>os_start</STRONG> (Thumb, 22 bytes, Stack size 0 bytes, test.o(.text.os_start))
<BR><BR>[Called By]<UL><LI><a href="#[14]">&gt;&gt;</a>&nbsp;&nbsp;&nbsp;main
</UL>

<P><STRONG><a name="[1b]"></a>scheduler</STRONG> (Thumb, 20 bytes, Stack size 0 bytes, test.o(.text.scheduler))
<BR><BR>[Called By]<UL><LI><a href="#[8]">&gt;&gt;</a>&nbsp;&nbsp;&nbsp;PendSV_Handler
</UL>

<P><STRONG><a name="[2a]"></a>__scatterload_copy</STRONG> (Thumb, 14 bytes, Stack size unknown bytes, handlers.o(i.__scatterload_copy), UNUSED)

<P><STRONG><a name="[2b]"></a>__scatterload_null</STRONG> (Thumb, 2 bytes, Stack size unknown bytes, handlers.o(i.__scatterload_null), UNUSED)

<P><STRONG><a name="[2c]"></a>__scatterload_zeroinit</STRONG> (Thumb, 14 bytes, Stack size unknown bytes, handlers.o(i.__scatterload_zeroinit), UNUSED)
<P>
<H3>
Local Symbols
</H3>
<P><STRONG><a name="[1d]"></a>SysTick_Config</STRONG> (Thumb, 84 bytes, Stack size 24 bytes, test.o(.text.SysTick_Config))
<BR><BR>[Stack]<UL><LI>Max Depth = 32<LI>Call Chain = SysTick_Config &rArr; __NVIC_SetPriority
</UL>
<BR>[Calls]<UL><LI><a href="#[1e]">&gt;&gt;</a>&nbsp;&nbsp;&nbsp;__NVIC_SetPriority
</UL>
<BR>[Called By]<UL><LI><a href="#[14]">&gt;&gt;</a>&nbsp;&nbsp;&nbsp;main
</UL>

<P><STRONG><a name="[1e]"></a>__NVIC_SetPriority</STRONG> (Thumb, 66 bytes, Stack size 8 bytes, test.o(.text.__NVIC_SetPriority))
<BR><BR>[Stack]<UL><LI>Max Depth = 8<LI>Call Chain = __NVIC_SetPriority
</UL>
<BR>[Called By]<UL><LI><a href="#[14]">&gt;&gt;</a>&nbsp;&nbsp;&nbsp;main
<LI><a href="#[1d]">&gt;&gt;</a>&nbsp;&nbsp;&nbsp;SysTick_Config
</UL>
<P>
<H3>
Undefined Global Symbols
</H3><HR></body></html>
