Component: Arm Compiler for Embedded 6.24 Tool: armlink [5f371500]

==============================================================================

Section Cross References

    test.o(.text.scheduler) refers to test.o(.bss.current_task) for current_task
    test.o(.ARM.exidx.text.scheduler) refers to test.o(.text.scheduler) for [Anonymous Symbol]
    test.o(.ARM.exidx.text.delay) refers to test.o(.text.delay) for [Anonymous Symbol]
    test.o(.text.counter1) refers to test.o(.text.delay) for delay
    test.o(.ARM.exidx.text.counter1) refers to test.o(.text.counter1) for [Anonymous Symbol]
    test.o(.text.counter2) refers to test.o(.text.delay) for delay
    test.o(.ARM.exidx.text.counter2) refers to test.o(.text.counter2) for [Anonymous Symbol]
    test.o(.text.SysTick_Handler) refers to test.o(.bss.SysTick_Handler.hardware_ticks) for SysTick_Handler.hardware_ticks
    test.o(.ARM.exidx.text.SysTick_Handler) refers to test.o(.text.SysTick_Handler) for [Anonymous Symbol]
    test.o(.text.PendSV_Handler) refers to test.o(.text.scheduler) for scheduler
    test.o(.text.PendSV_Handler) refers to test.o(.bss.current_task) for current_task
    test.o(.text.PendSV_Handler) refers to test.o(.data.tasks) for tasks
    test.o(.ARM.exidx.text.PendSV_Handler) refers to test.o(.text.PendSV_Handler) for [Anonymous Symbol]
    test.o(.text.os_init) refers to test.o(.bss.task1) for task1
    test.o(.text.os_init) refers to test.o(.data.tasks) for tasks
    test.o(.text.os_init) refers to test.o(.text.counter1) for counter1
    test.o(.text.os_init) refers to test.o(.bss.x) for x
    test.o(.text.os_init) refers to test.o(.bss.task2) for task2
    test.o(.text.os_init) refers to test.o(.text.counter2) for counter2
    test.o(.text.os_init) refers to test.o(.bss.y) for y
    test.o(.ARM.exidx.text.os_init) refers to test.o(.text.os_init) for [Anonymous Symbol]
    test.o(.text.os_start) refers to test.o(.data.tasks) for tasks
    test.o(.ARM.exidx.text.os_start) refers to test.o(.text.os_start) for [Anonymous Symbol]
    test.o(.text.main) refers to test.o(.text.os_init) for os_init
    test.o(.text.main) refers to system_armcm4.o(.data.SystemCoreClock) for SystemCoreClock
    test.o(.text.main) refers to test.o(.text.SysTick_Config) for SysTick_Config
    test.o(.text.main) refers to test.o(.text.__NVIC_SetPriority) for __NVIC_SetPriority
    test.o(.text.main) refers to test.o(.text.os_start) for os_start
    test.o(.ARM.exidx.text.main) refers to test.o(.text.main) for [Anonymous Symbol]
    test.o(.text.SysTick_Config) refers to test.o(.text.__NVIC_SetPriority) for __NVIC_SetPriority
    test.o(.ARM.exidx.text.SysTick_Config) refers to test.o(.text.SysTick_Config) for [Anonymous Symbol]
    test.o(.ARM.exidx.text.__NVIC_SetPriority) refers to test.o(.text.__NVIC_SetPriority) for [Anonymous Symbol]
    test.o(.data.tasks) refers to test.o(.bss.task1) for task1
    test.o(.data.tasks) refers to test.o(.bss.task2) for task2
    startup_armcm4.o(.ARM.exidx.text.Default_Handler) refers to startup_armcm4.o(.text.Default_Handler) for [Anonymous Symbol]
    startup_armcm4.o(.text.Reset_Handler) refers to system_armcm4.o(.text.SystemInit) for SystemInit
    startup_armcm4.o(.text.Reset_Handler) refers to entry.o(.ARM.Collect$$$$00000000) for __main
    startup_armcm4.o(.ARM.exidx.text.Reset_Handler) refers to startup_armcm4.o(.text.Reset_Handler) for [Anonymous Symbol]
    startup_armcm4.o(.ARM.exidx.text.HardFault_Handler) refers to startup_armcm4.o(.text.HardFault_Handler) for [Anonymous Symbol]
    startup_armcm4.o(RESET) refers to startup_armcm4.o(.text.Reset_Handler) for Reset_Handler
    startup_armcm4.o(RESET) refers to startup_armcm4.o(.text.Default_Handler) for NMI_Handler
    startup_armcm4.o(RESET) refers to startup_armcm4.o(.text.HardFault_Handler) for HardFault_Handler
    startup_armcm4.o(RESET) refers to test.o(.text.PendSV_Handler) for PendSV_Handler
    startup_armcm4.o(RESET) refers to test.o(.text.SysTick_Handler) for SysTick_Handler
    system_armcm4.o(.text.SystemCoreClockUpdate) refers to system_armcm4.o(.data.SystemCoreClock) for SystemCoreClock
    system_armcm4.o(.ARM.exidx.text.SystemCoreClockUpdate) refers to system_armcm4.o(.text.SystemCoreClockUpdate) for [Anonymous Symbol]
    system_armcm4.o(.text.SystemInit) refers to startup_armcm4.o(RESET) for __Vectors
    system_armcm4.o(.text.SystemInit) refers to system_armcm4.o(.data.SystemCoreClock) for SystemCoreClock
    system_armcm4.o(.ARM.exidx.text.SystemInit) refers to system_armcm4.o(.text.SystemInit) for [Anonymous Symbol]
    entry.o(.ARM.Collect$$$$00000000) refers (Special) to entry10a.o(.ARM.Collect$$$$0000000D) for __rt_final_cpp
    entry.o(.ARM.Collect$$$$00000000) refers (Special) to entry11a.o(.ARM.Collect$$$$0000000F) for __rt_final_exit
    entry.o(.ARM.Collect$$$$00000000) refers (Special) to entry7b.o(.ARM.Collect$$$$00000008) for _main_clock
    entry.o(.ARM.Collect$$$$00000000) refers (Special) to entry8b.o(.ARM.Collect$$$$0000000A) for _main_cpp_init
    entry.o(.ARM.Collect$$$$00000000) refers (Special) to entry9a.o(.ARM.Collect$$$$0000000B) for _main_init
    entry.o(.ARM.Collect$$$$00000000) refers (Special) to entry5.o(.ARM.Collect$$$$00000004) for _main_scatterload
    entry.o(.ARM.Collect$$$$00000000) refers (Special) to entry4.o(.ARM.Collect$$$$00000003) for _main_stk
    entry4.o(.ARM.Collect$$$$00000003) refers to entry4.o(.ARM.Collect$$$$00002714) for __lit__00000000
    entry4.o(__vectab_stack_and_reset_area) refers to entry.o(.ARM.Collect$$$$00000000) for __main
    entry5.o(.ARM.Collect$$$$00000004) refers to init.o(.text) for __scatterload
    entry9a.o(.ARM.Collect$$$$0000000B) refers to test.o(.text.main) for main
    entry9b.o(.ARM.Collect$$$$0000000C) refers to test.o(.text.main) for main
    init.o(.text) refers to entry5.o(.ARM.Collect$$$$00000004) for __main_after_scatterload


==============================================================================

Removing Unused input sections from the image.

    Removing test.o(.text), (0 bytes).
    Removing test.o(.ARM.exidx.text.scheduler), (8 bytes).
    Removing test.o(.ARM.exidx.text.delay), (8 bytes).
    Removing test.o(.ARM.exidx.text.counter1), (8 bytes).
    Removing test.o(.ARM.exidx.text.counter2), (8 bytes).
    Removing test.o(.ARM.exidx.text.SysTick_Handler), (8 bytes).
    Removing test.o(.ARM.exidx.text.PendSV_Handler), (8 bytes).
    Removing test.o(.ARM.exidx.text.os_init), (8 bytes).
    Removing test.o(.ARM.exidx.text.os_start), (8 bytes).
    Removing test.o(.ARM.exidx.text.main), (8 bytes).
    Removing test.o(.ARM.exidx.text.SysTick_Config), (8 bytes).
    Removing test.o(.ARM.exidx.text.__NVIC_SetPriority), (8 bytes).
    Removing test.o(.ARM.use_no_argv), (4 bytes).
    Removing startup_armcm4.o(.text), (0 bytes).
    Removing startup_armcm4.o(.ARM.exidx.text.Default_Handler), (8 bytes).
    Removing startup_armcm4.o(.ARM.exidx.text.Reset_Handler), (8 bytes).
    Removing startup_armcm4.o(.ARM.exidx.text.HardFault_Handler), (8 bytes).
    Removing system_armcm4.o(.text), (0 bytes).
    Removing system_armcm4.o(.text.SystemCoreClockUpdate), (20 bytes).
    Removing system_armcm4.o(.ARM.exidx.text.SystemCoreClockUpdate), (8 bytes).
    Removing system_armcm4.o(.ARM.exidx.text.SystemInit), (8 bytes).

21 unused section(s) (total 152 bytes) removed from the image.

==============================================================================

Image Symbol Table

    Local Symbols

    Symbol Name                              Value     Ov Type        Size  Object(Section)

    ../clib/microlib/init/entry.s            0x00000000   Number         0  entry.o ABSOLUTE
    ../clib/microlib/init/entry.s            0x00000000   Number         0  entry4.o ABSOLUTE
    ../clib/microlib/init/entry.s            0x00000000   Number         0  entry5.o ABSOLUTE
    ../clib/microlib/init/entry.s            0x00000000   Number         0  entry7a.o ABSOLUTE
    ../clib/microlib/init/entry.s            0x00000000   Number         0  entry7b.o ABSOLUTE
    ../clib/microlib/init/entry.s            0x00000000   Number         0  entry8a.o ABSOLUTE
    ../clib/microlib/init/entry.s            0x00000000   Number         0  entry8b.o ABSOLUTE
    ../clib/microlib/init/entry.s            0x00000000   Number         0  entry9a.o ABSOLUTE
    ../clib/microlib/init/entry.s            0x00000000   Number         0  entry9b.o ABSOLUTE
    ../clib/microlib/init/entry.s            0x00000000   Number         0  entry10a.o ABSOLUTE
    ../clib/microlib/init/entry.s            0x00000000   Number         0  entry10b.o ABSOLUTE
    ../clib/microlib/init/entry.s            0x00000000   Number         0  entry11a.o ABSOLUTE
    ../clib/microlib/init/entry.s            0x00000000   Number         0  entry11b.o ABSOLUTE
    __tagsym$$used.0                         0x00000000   Number         0  startup_armcm4.o(RESET)
    dc.s                                     0x00000000   Number         0  dc.o ABSOLUTE
    handlers.s                               0x00000000   Number         0  handlers.o ABSOLUTE
    init.s                                   0x00000000   Number         0  init.o ABSOLUTE
    startup_ARMCM4.c                         0x00000000   Number         0  startup_armcm4.o ABSOLUTE
    system_ARMCM4.c                          0x00000000   Number         0  system_armcm4.o ABSOLUTE
    test.c                                   0x00000000   Number         0  test.o ABSOLUTE
    .ARM.Collect$$$$00000000                 0x000003c0   Section        0  entry.o(.ARM.Collect$$$$00000000)
    .ARM.Collect$$$$00000003                 0x000003c0   Section        4  entry4.o(.ARM.Collect$$$$00000003)
    .ARM.Collect$$$$00000004                 0x000003c4   Section        4  entry5.o(.ARM.Collect$$$$00000004)
    .ARM.Collect$$$$00000008                 0x000003c8   Section        0  entry7b.o(.ARM.Collect$$$$00000008)
    .ARM.Collect$$$$0000000A                 0x000003c8   Section        0  entry8b.o(.ARM.Collect$$$$0000000A)
    .ARM.Collect$$$$0000000B                 0x000003c8   Section        8  entry9a.o(.ARM.Collect$$$$0000000B)
    __lit__00000000                          0x000003d0   Data           4  entry4.o(.ARM.Collect$$$$00002714)
    .ARM.Collect$$$$0000000D                 0x000003d0   Section        0  entry10a.o(.ARM.Collect$$$$0000000D)
    .ARM.Collect$$$$0000000F                 0x000003d0   Section        0  entry11a.o(.ARM.Collect$$$$0000000F)
    .ARM.Collect$$$$00002714                 0x000003d0   Section        4  entry4.o(.ARM.Collect$$$$00002714)
    .text                                    0x000003d4   Section       48  init.o(.text)
    [Anonymous Symbol]                       0x00000404   Section        0  startup_armcm4.o(.text.Default_Handler)
    [Anonymous Symbol]                       0x00000408   Section        0  startup_armcm4.o(.text.HardFault_Handler)
    [Anonymous Symbol]                       0x0000040c   Section        0  test.o(.text.PendSV_Handler)
    skip_save_2                              0x00000424   Number         0  test.o(.text.PendSV_Handler)
    next_task                                0x0000042a   Number         0  test.o(.text.PendSV_Handler)
    load_task1                               0x00000440   Number         0  test.o(.text.PendSV_Handler)
    [Anonymous Symbol]                       0x00000454   Section        0  startup_armcm4.o(.text.Reset_Handler)
    SysTick_Config                           0x0000045d   Thumb Code    84  test.o(.text.SysTick_Config)
    [Anonymous Symbol]                       0x0000045c   Section        0  test.o(.text.SysTick_Config)
    [Anonymous Symbol]                       0x000004b0   Section        0  test.o(.text.SysTick_Handler)
    [Anonymous Symbol]                       0x000004d0   Section        0  system_armcm4.o(.text.SystemInit)
    __NVIC_SetPriority                       0x00000509   Thumb Code    66  test.o(.text.__NVIC_SetPriority)
    [Anonymous Symbol]                       0x00000508   Section        0  test.o(.text.__NVIC_SetPriority)
    [Anonymous Symbol]                       0x0000054c   Section        0  test.o(.text.counter1)
    [Anonymous Symbol]                       0x00000564   Section        0  test.o(.text.counter2)
    [Anonymous Symbol]                       0x0000057c   Section        0  test.o(.text.delay)
    [Anonymous Symbol]                       0x000005a4   Section        0  test.o(.text.main)
    [Anonymous Symbol]                       0x000005e4   Section        0  test.o(.text.os_init)
    [Anonymous Symbol]                       0x00000648   Section        0  test.o(.text.os_start)
    [Anonymous Symbol]                       0x00000664   Section        0  test.o(.text.scheduler)
    i.__scatterload_copy                     0x00000678   Section       14  handlers.o(i.__scatterload_copy)
    i.__scatterload_null                     0x00000686   Section        2  handlers.o(i.__scatterload_null)
    i.__scatterload_zeroinit                 0x00000688   Section       14  handlers.o(i.__scatterload_zeroinit)
    __tagsym$$used.1                         0x20000004   Number         0  test.o(.data.tasks)
    SysTick_Handler.hardware_ticks           0x20000014   Data           4  test.o(.bss.SysTick_Handler.hardware_ticks)
    [Anonymous Symbol]                       0x20000014   Section        0  test.o(.bss.SysTick_Handler.hardware_ticks)
    __tagsym$$used.0                         0x20000018   Number         0  test.o(.bss.current_task)

    Global Symbols

    Symbol Name                              Value     Ov Type        Size  Object(Section)

    BuildAttributes$$THM_ISAv4$E$P$D$K$B$S$7EM$VFPi3$EXTD16$VFPS$VFMA$PE$A:L22UL41UL21$X:L11$S22US41US21$IEEE1$IW$USESV6$~STKCKD$USESV7$~SHL$OSPACE$MICROLIB$REQ8$PRES8$EABIv2 0x00000000   Number         0  anon$$obj.o ABSOLUTE
    __Vectors                                0x00000000   Data         960  startup_armcm4.o(RESET)
    __cpp_initialize__aeabi_                  - Undefined Weak Reference
    __cxa_finalize                            - Undefined Weak Reference
    __decompress                              - Undefined Weak Reference
    _clock_init                               - Undefined Weak Reference
    _microlib_exit                            - Undefined Weak Reference
    __main                                   0x000003c1   Thumb Code     0  entry.o(.ARM.Collect$$$$00000000)
    _main_stk                                0x000003c1   Thumb Code     0  entry4.o(.ARM.Collect$$$$00000003)
    _main_scatterload                        0x000003c5   Thumb Code     0  entry5.o(.ARM.Collect$$$$00000004)
    __main_after_scatterload                 0x000003c9   Thumb Code     0  entry5.o(.ARM.Collect$$$$00000004)
    _main_clock                              0x000003c9   Thumb Code     0  entry7b.o(.ARM.Collect$$$$00000008)
    _main_cpp_init                           0x000003c9   Thumb Code     0  entry8b.o(.ARM.Collect$$$$0000000A)
    _main_init                               0x000003c9   Thumb Code     0  entry9a.o(.ARM.Collect$$$$0000000B)
    __rt_final_cpp                           0x000003d1   Thumb Code     0  entry10a.o(.ARM.Collect$$$$0000000D)
    __rt_final_exit                          0x000003d1   Thumb Code     0  entry11a.o(.ARM.Collect$$$$0000000F)
    __scatterload                            0x000003d5   Thumb Code    38  init.o(.text)
    __scatterload_rt2                        0x000003d5   Thumb Code     0  init.o(.text)
    BusFault_Handler                         0x00000405   Thumb Code     4  startup_armcm4.o(.text.Default_Handler)
    DebugMon_Handler                         0x00000405   Thumb Code     4  startup_armcm4.o(.text.Default_Handler)
    Default_Handler                          0x00000405   Thumb Code     4  startup_armcm4.o(.text.Default_Handler)
    Interrupt0_Handler                       0x00000405   Thumb Code     4  startup_armcm4.o(.text.Default_Handler)
    Interrupt1_Handler                       0x00000405   Thumb Code     4  startup_armcm4.o(.text.Default_Handler)
    Interrupt2_Handler                       0x00000405   Thumb Code     4  startup_armcm4.o(.text.Default_Handler)
    Interrupt3_Handler                       0x00000405   Thumb Code     4  startup_armcm4.o(.text.Default_Handler)
    Interrupt4_Handler                       0x00000405   Thumb Code     4  startup_armcm4.o(.text.Default_Handler)
    Interrupt5_Handler                       0x00000405   Thumb Code     4  startup_armcm4.o(.text.Default_Handler)
    Interrupt6_Handler                       0x00000405   Thumb Code     4  startup_armcm4.o(.text.Default_Handler)
    Interrupt7_Handler                       0x00000405   Thumb Code     4  startup_armcm4.o(.text.Default_Handler)
    Interrupt8_Handler                       0x00000405   Thumb Code     4  startup_armcm4.o(.text.Default_Handler)
    Interrupt9_Handler                       0x00000405   Thumb Code     4  startup_armcm4.o(.text.Default_Handler)
    MemManage_Handler                        0x00000405   Thumb Code     4  startup_armcm4.o(.text.Default_Handler)
    NMI_Handler                              0x00000405   Thumb Code     4  startup_armcm4.o(.text.Default_Handler)
    SVC_Handler                              0x00000405   Thumb Code     4  startup_armcm4.o(.text.Default_Handler)
    UsageFault_Handler                       0x00000405   Thumb Code     4  startup_armcm4.o(.text.Default_Handler)
    HardFault_Handler                        0x00000409   Thumb Code     4  startup_armcm4.o(.text.HardFault_Handler)
    PendSV_Handler                           0x0000040d   Thumb Code    64  test.o(.text.PendSV_Handler)
    Reset_Handler                            0x00000455   Thumb Code     8  startup_armcm4.o(.text.Reset_Handler)
    SysTick_Handler                          0x000004b1   Thumb Code    32  test.o(.text.SysTick_Handler)
    SystemInit                               0x000004d1   Thumb Code    54  system_armcm4.o(.text.SystemInit)
    counter1                                 0x0000054d   Thumb Code    22  test.o(.text.counter1)
    counter2                                 0x00000565   Thumb Code    22  test.o(.text.counter2)
    delay                                    0x0000057d   Thumb Code    38  test.o(.text.delay)
    main                                     0x000005a5   Thumb Code    62  test.o(.text.main)
    os_init                                  0x000005e5   Thumb Code    98  test.o(.text.os_init)
    os_start                                 0x00000649   Thumb Code    22  test.o(.text.os_start)
    scheduler                                0x00000665   Thumb Code    20  test.o(.text.scheduler)
    __scatterload_copy                       0x00000679   Thumb Code    14  handlers.o(i.__scatterload_copy)
    __scatterload_null                       0x00000687   Thumb Code     2  handlers.o(i.__scatterload_null)
    __scatterload_zeroinit                   0x00000689   Thumb Code    14  handlers.o(i.__scatterload_zeroinit)
    Region$$Table$$Base                      0x00000698   Number         0  anon$$obj.o(Region$$Table)
    Region$$Table$$Limit                     0x000006b8   Number         0  anon$$obj.o(Region$$Table)
    SystemCoreClock                          0x20000000   Data           4  system_armcm4.o(.data.SystemCoreClock)
    tasks                                    0x20000004   Data          16  test.o(.data.tasks)
    current_task                             0x20000018   Data           4  test.o(.bss.current_task)
    task1                                    0x2000001c   Data        1024  test.o(.bss.task1)
    task2                                    0x2000041c   Data        1024  test.o(.bss.task2)
    x                                        0x2000081c   Data           4  test.o(.bss.x)
    y                                        0x20000820   Data           4  test.o(.bss.y)
    Image$$ARM_LIB_STACK$$ZI$$Limit          0x20040000   Number         0  anon$$obj.o ABSOLUTE



==============================================================================

Memory Map of the image

  Image Entry point : 0x000003c1

  Load Region LR_ROM (Base: 0x00000000, Size: 0x000006cc, Max: 0x00080000, ABSOLUTE)

    Execution Region ER_ROM (Exec base: 0x00000000, Load base: 0x00000000, Size: 0x000006b8, Max: 0x00080000, ABSOLUTE)

    Exec Addr    Load Addr    Size         Type   Attr      Idx    E Section Name        Object

    0x00000000   0x00000000   0x000003c0   Data   RO           47    RESET               startup_armcm4.o
    0x000003c0   0x000003c0   0x00000000   Code   RO           66  * .ARM.Collect$$$$00000000  mc_w.l(entry.o)
    0x000003c0   0x000003c0   0x00000004   Code   RO           69    .ARM.Collect$$$$00000003  mc_w.l(entry4.o)
    0x000003c4   0x000003c4   0x00000004   Code   RO           72    .ARM.Collect$$$$00000004  mc_w.l(entry5.o)
    0x000003c8   0x000003c8   0x00000000   Code   RO           74    .ARM.Collect$$$$00000008  mc_w.l(entry7b.o)
    0x000003c8   0x000003c8   0x00000000   Code   RO           76    .ARM.Collect$$$$0000000A  mc_w.l(entry8b.o)
    0x000003c8   0x000003c8   0x00000008   Code   RO           77    .ARM.Collect$$$$0000000B  mc_w.l(entry9a.o)
    0x000003d0   0x000003d0   0x00000000   Code   RO           79    .ARM.Collect$$$$0000000D  mc_w.l(entry10a.o)
    0x000003d0   0x000003d0   0x00000000   Code   RO           81    .ARM.Collect$$$$0000000F  mc_w.l(entry11a.o)
    0x000003d0   0x000003d0   0x00000004   Code   RO           70    .ARM.Collect$$$$00002714  mc_w.l(entry4.o)
    0x000003d4   0x000003d4   0x00000030   Code   RO           83    .text               mc_w.l(init.o)
    0x00000404   0x00000404   0x00000004   Code   RO           41    .text.Default_Handler  startup_armcm4.o
    0x00000408   0x00000408   0x00000004   Code   RO           45    .text.HardFault_Handler  startup_armcm4.o
    0x0000040c   0x0000040c   0x00000048   Code   RO           14    .text.PendSV_Handler  test.o
    0x00000454   0x00000454   0x00000008   Code   RO           43    .text.Reset_Handler  startup_armcm4.o
    0x0000045c   0x0000045c   0x00000054   Code   RO           22    .text.SysTick_Config  test.o
    0x000004b0   0x000004b0   0x00000020   Code   RO           12    .text.SysTick_Handler  test.o
    0x000004d0   0x000004d0   0x00000036   Code   RO           57    .text.SystemInit    system_armcm4.o
    0x00000506   0x00000506   0x00000002   PAD
    0x00000508   0x00000508   0x00000042   Code   RO           24    .text.__NVIC_SetPriority  test.o
    0x0000054a   0x0000054a   0x00000002   PAD
    0x0000054c   0x0000054c   0x00000016   Code   RO            8    .text.counter1      test.o
    0x00000562   0x00000562   0x00000002   PAD
    0x00000564   0x00000564   0x00000016   Code   RO           10    .text.counter2      test.o
    0x0000057a   0x0000057a   0x00000002   PAD
    0x0000057c   0x0000057c   0x00000026   Code   RO            6    .text.delay         test.o
    0x000005a2   0x000005a2   0x00000002   PAD
    0x000005a4   0x000005a4   0x0000003e   Code   RO           20    .text.main          test.o
    0x000005e2   0x000005e2   0x00000002   PAD
    0x000005e4   0x000005e4   0x00000062   Code   RO           16    .text.os_init       test.o
    0x00000646   0x00000646   0x00000002   PAD
    0x00000648   0x00000648   0x0000001c   Code   RO           18    .text.os_start      test.o
    0x00000664   0x00000664   0x00000014   Code   RO            4    .text.scheduler     test.o
    0x00000678   0x00000678   0x0000000e   Code   RO           87    i.__scatterload_copy  mc_w.l(handlers.o)
    0x00000686   0x00000686   0x00000002   Code   RO           88    i.__scatterload_null  mc_w.l(handlers.o)
    0x00000688   0x00000688   0x0000000e   Code   RO           89    i.__scatterload_zeroinit  mc_w.l(handlers.o)
    0x00000696   0x00000696   0x00000002   PAD
    0x00000698   0x00000698   0x00000020   Data   RO           86    Region$$Table       anon$$obj.o


    Execution Region RW_NOINIT (Exec base: 0x20000000, Load base: 0x000006b8, Size: 0x00000000, Max: 0x0003f200, ABSOLUTE, UNINIT)

    **** No section assigned to this execution region ****


    Execution Region RW_RAM (Exec base: 0x20000000, Load base: 0x000006b8, Size: 0x00000824, Max: 0x0003f200, ABSOLUTE)

    Exec Addr    Load Addr    Size         Type   Attr      Idx    E Section Name        Object

    0x20000000   0x000006b8   0x00000004   Data   RW           59    .data.SystemCoreClock  system_armcm4.o
    0x20000004   0x000006bc   0x00000010   Data   RW           31    .data.tasks         test.o
    0x20000014        -       0x00000004   Zero   RW           32    .bss.SysTick_Handler.hardware_ticks  test.o
    0x20000018        -       0x00000004   Zero   RW           26    .bss.current_task   test.o
    0x2000001c        -       0x00000400   Zero   RW           29    .bss.task1          test.o
    0x2000041c        -       0x00000400   Zero   RW           30    .bss.task2          test.o
    0x2000081c        -       0x00000004   Zero   RW           27    .bss.x              test.o
    0x20000820        -       0x00000004   Zero   RW           28    .bss.y              test.o


    Execution Region ARM_LIB_HEAP (Exec base: 0x20000828, Load base: 0x000006cc, Size: 0x00000c00, Max: 0x00000c00, ABSOLUTE)

    Exec Addr    Load Addr    Size         Type   Attr      Idx    E Section Name        Object

    0x20000828        -       0x00000c00   Zero   RW            1    ARM_LIB_HEAP.bss    anon$$obj.o


    Execution Region ARM_LIB_STACK (Exec base: 0x2003fe00, Load base: 0x000006cc, Size: 0x00000200, Max: 0x00000200, ABSOLUTE)

    Exec Addr    Load Addr    Size         Type   Attr      Idx    E Section Name        Object

    0x2003fe00        -       0x00000200   Zero   RW            2    ARM_LIB_STACK.bss   anon$$obj.o


==============================================================================

Image component sizes


      Code (inc. data)   RO Data    RW Data    ZI Data      Debug   Object Name

        16          0        960          0          0        846   startup_armcm4.o
        54          0          0          4          0       1479   system_armcm4.o
       544         12          0         16       2064       3947   test.o

    ----------------------------------------------------------------------
       628         12        992         20       5648       6272   Object Totals
         0          0         32          0       3584          0   (incl. Generated)
        14          0          0          0          0          0   (incl. Padding)

    ----------------------------------------------------------------------

      Code (inc. data)   RO Data    RW Data    ZI Data      Debug   Library Member Name

         0          0          0          0          0          0   entry.o
         0          0          0          0          0          0   entry10a.o
         0          0          0          0          0          0   entry11a.o
         8          4          0          0          0          0   entry4.o
         4          0          0          0          0          0   entry5.o
         0          0          0          0          0          0   entry7b.o
         0          0          0          0          0          0   entry8b.o
         8          4          0          0          0          0   entry9a.o
        30          0          0          0          0          0   handlers.o
        48         10          0          0          0         68   init.o

    ----------------------------------------------------------------------
       100         18          0          0          0         68   Library Totals
         2          0          0          0          0          0   (incl. Padding)

    ----------------------------------------------------------------------

      Code (inc. data)   RO Data    RW Data    ZI Data      Debug   Library Name

        98         18          0          0          0         68   mc_w.l

    ----------------------------------------------------------------------
       100         18          0          0          0         68   Library Totals

    ----------------------------------------------------------------------

==============================================================================


      Code (inc. data)   RO Data    RW Data    ZI Data      Debug   

       728         30        992         20       5648       6504   Grand Totals
       728         30        992         20       5648       6504   ELF Image Totals
       728         30        992         20          0          0   ROM Totals

==============================================================================

    Total RO  Size (Code + RO Data)                 1720 (   1.68kB)
    Total RW  Size (RW Data + ZI Data)              5668 (   5.54kB)
    Total ROM Size (Code + RO Data + RW Data)       1740 (   1.70kB)

==============================================================================

